Archive member included to satisfy reference by file (symbol)

../lib/libstatique.a(Robot.o)
                              main.o (_ZN5RobotC1Ev)
../lib/libstatique.a(Timer.o)
                              ../lib/libstatique.a(Robot.o) (_ZN5TimerC1E9TimerList)
../lib/libstatique.a(Motor.o)
                              ../lib/libstatique.a(Robot.o) (_ZN5Motor11moveForwardEhh)
../lib/libstatique.a(Led.o)   ../lib/libstatique.a(Robot.o) (_ZN3LedC1E4Porthh)
../lib/libstatique.a(Can.o)   ../lib/libstatique.a(Robot.o) (_ZN3CanC1Ev)
../lib/libstatique.a(Interruption.o)
                              ../lib/libstatique.a(Robot.o) (_ZN12InterruptionC1E3Pin)
../lib/libstatique.a(DistanceSensor.o)
                              ../lib/libstatique.a(Robot.o) (_ZN14DistanceSensorC1Eh)
../lib/libstatique.a(PhotoSensor.o)
                              ../lib/libstatique.a(Robot.o) (_ZN11PhotoSensorC1Eh)
../lib/libstatique.a(memoire_24.o)
                              ../lib/libstatique.a(Robot.o) (_ZN13Memoire24CXXXC1Ev)
../lib/libstatique.a(usart.o)
                              ../lib/libstatique.a(Robot.o) (_ZN5RS23218initialisationUartEv)
/usr/lib/gcc/avr/10.2.0/avr5/libgcc.a(_divmodhi4.o)
                              ../lib/libstatique.a(Robot.o) (__divmodhi4)
/usr/lib/gcc/avr/10.2.0/avr5/libgcc.a(_exit.o)
                              /usr/lib/gcc/avr/10.2.0/../../../../avr/lib/avr5/crtatmega324pa.o (exit)
/usr/lib/gcc/avr/10.2.0/avr5/libgcc.a(_tablejump2.o)
                              main.o (__tablejump2__)
/usr/lib/gcc/avr/10.2.0/avr5/libgcc.a(_copy_data.o)
                              ../lib/libstatique.a(memoire_24.o) (__do_copy_data)
/usr/lib/gcc/avr/10.2.0/avr5/libgcc.a(_clear_bss.o)
                              main.o (__do_clear_bss)
/usr/lib/gcc/avr/10.2.0/avr5/libgcc.a(_udivmodhi4.o)
                              /usr/lib/gcc/avr/10.2.0/avr5/libgcc.a(_divmodhi4.o) (__udivmodhi4)
/usr/lib/gcc/avr/10.2.0/../../../../avr/lib/avr5/libm.a(cmpsf2.o)
                              ../lib/libstatique.a(Robot.o) (__ltsf2)
/usr/lib/gcc/avr/10.2.0/../../../../avr/lib/avr5/libm.a(divsf3.o)
                              ../lib/libstatique.a(Robot.o) (__divsf3)
/usr/lib/gcc/avr/10.2.0/../../../../avr/lib/avr5/libm.a(divsf3x.o)
                              /usr/lib/gcc/avr/10.2.0/../../../../avr/lib/avr5/libm.a(divsf3.o) (__divsf3x)
/usr/lib/gcc/avr/10.2.0/../../../../avr/lib/avr5/libm.a(fixunssfsi.o)
                              ../lib/libstatique.a(Robot.o) (__fixunssfsi)
/usr/lib/gcc/avr/10.2.0/../../../../avr/lib/avr5/libm.a(floatsisf.o)
                              ../lib/libstatique.a(Robot.o) (__floatsisf)
/usr/lib/gcc/avr/10.2.0/../../../../avr/lib/avr5/libm.a(fp_cmp.o)
                              /usr/lib/gcc/avr/10.2.0/../../../../avr/lib/avr5/libm.a(cmpsf2.o) (__fp_cmp)
/usr/lib/gcc/avr/10.2.0/../../../../avr/lib/avr5/libm.a(fp_inf.o)
                              /usr/lib/gcc/avr/10.2.0/../../../../avr/lib/avr5/libm.a(divsf3x.o) (__fp_inf)
/usr/lib/gcc/avr/10.2.0/../../../../avr/lib/avr5/libm.a(fp_nan.o)
                              /usr/lib/gcc/avr/10.2.0/../../../../avr/lib/avr5/libm.a(divsf3x.o) (__fp_nan)
/usr/lib/gcc/avr/10.2.0/../../../../avr/lib/avr5/libm.a(fp_pscA.o)
                              /usr/lib/gcc/avr/10.2.0/../../../../avr/lib/avr5/libm.a(divsf3x.o) (__fp_pscA)
/usr/lib/gcc/avr/10.2.0/../../../../avr/lib/avr5/libm.a(fp_pscB.o)
                              /usr/lib/gcc/avr/10.2.0/../../../../avr/lib/avr5/libm.a(divsf3x.o) (__fp_pscB)
/usr/lib/gcc/avr/10.2.0/../../../../avr/lib/avr5/libm.a(fp_round.o)
                              /usr/lib/gcc/avr/10.2.0/../../../../avr/lib/avr5/libm.a(divsf3.o) (__fp_round)
/usr/lib/gcc/avr/10.2.0/../../../../avr/lib/avr5/libm.a(fp_split3.o)
                              /usr/lib/gcc/avr/10.2.0/../../../../avr/lib/avr5/libm.a(divsf3x.o) (__fp_split3)
/usr/lib/gcc/avr/10.2.0/../../../../avr/lib/avr5/libm.a(fp_zero.o)
                              /usr/lib/gcc/avr/10.2.0/../../../../avr/lib/avr5/libm.a(fixunssfsi.o) (__fp_zero)
/usr/lib/gcc/avr/10.2.0/../../../../avr/lib/avr5/libm.a(gesf2.o)
                              ../lib/libstatique.a(Robot.o) (__gtsf2)
/usr/lib/gcc/avr/10.2.0/../../../../avr/lib/avr5/libm.a(mulsf3.o)
                              ../lib/libstatique.a(Robot.o) (__mulsf3)
/usr/lib/gcc/avr/10.2.0/../../../../avr/lib/avr5/libm.a(mulsf3x.o)
                              /usr/lib/gcc/avr/10.2.0/../../../../avr/lib/avr5/libm.a(mulsf3.o) (__mulsf3x)

Memory Configuration

Name             Origin             Length             Attributes
text             0x0000000000000000 0x0000000000020000 xr
data             0x0000000000800060 0x000000000000ffa0 rw !x
eeprom           0x0000000000810000 0x0000000000010000 rw !x
fuse             0x0000000000820000 0x0000000000000003 rw !x
lock             0x0000000000830000 0x0000000000000400 rw !x
signature        0x0000000000840000 0x0000000000000400 rw !x
user_signatures  0x0000000000850000 0x0000000000000400 rw !x
*default*        0x0000000000000000 0xffffffffffffffff

Linker script and memory map

Address of section .data set to 0x800100
LOAD /usr/lib/gcc/avr/10.2.0/../../../../avr/lib/avr5/crtatmega324pa.o
LOAD main.o
LOAD /usr/lib/gcc/avr/10.2.0/../../../../avr/lib/avr5/libm.a
LOAD ../lib/libstatique.a
START GROUP
LOAD /usr/lib/gcc/avr/10.2.0/avr5/libgcc.a
LOAD /usr/lib/gcc/avr/10.2.0/../../../../avr/lib/avr5/libm.a
LOAD /usr/lib/gcc/avr/10.2.0/../../../../avr/lib/avr5/libc.a
LOAD /usr/lib/gcc/avr/10.2.0/../../../../avr/lib/avr5/libatmega324pa.a
END GROUP
                0x0000000000020000                __TEXT_REGION_LENGTH__ = DEFINED (__TEXT_REGION_LENGTH__)?__TEXT_REGION_LENGTH__:0x20000
                0x000000000000ffa0                __DATA_REGION_LENGTH__ = DEFINED (__DATA_REGION_LENGTH__)?__DATA_REGION_LENGTH__:0xffa0
                0x0000000000010000                __EEPROM_REGION_LENGTH__ = DEFINED (__EEPROM_REGION_LENGTH__)?__EEPROM_REGION_LENGTH__:0x10000
                [0x0000000000000003]                __FUSE_REGION_LENGTH__ = DEFINED (__FUSE_REGION_LENGTH__)?__FUSE_REGION_LENGTH__:0x400
                0x0000000000000400                __LOCK_REGION_LENGTH__ = DEFINED (__LOCK_REGION_LENGTH__)?__LOCK_REGION_LENGTH__:0x400
                0x0000000000000400                __SIGNATURE_REGION_LENGTH__ = DEFINED (__SIGNATURE_REGION_LENGTH__)?__SIGNATURE_REGION_LENGTH__:0x400
                0x0000000000000400                __USER_SIGNATURE_REGION_LENGTH__ = DEFINED (__USER_SIGNATURE_REGION_LENGTH__)?__USER_SIGNATURE_REGION_LENGTH__:0x400

.hash
 *(.hash)

.dynsym
 *(.dynsym)

.dynstr
 *(.dynstr)

.gnu.version
 *(.gnu.version)

.gnu.version_d
 *(.gnu.version_d)

.gnu.version_r
 *(.gnu.version_r)

.rel.init
 *(.rel.init)

.rela.init
 *(.rela.init)

.rel.text
 *(.rel.text)
 *(.rel.text.*)
 *(.rel.gnu.linkonce.t*)

.rela.text
 *(.rela.text)
 *(.rela.text.*)
 *(.rela.gnu.linkonce.t*)

.rel.fini
 *(.rel.fini)

.rela.fini
 *(.rela.fini)

.rel.rodata
 *(.rel.rodata)
 *(.rel.rodata.*)
 *(.rel.gnu.linkonce.r*)

.rela.rodata
 *(.rela.rodata)
 *(.rela.rodata.*)
 *(.rela.gnu.linkonce.r*)

.rel.data
 *(.rel.data)
 *(.rel.data.*)
 *(.rel.gnu.linkonce.d*)

.rela.data
 *(.rela.data)
 *(.rela.data.*)
 *(.rela.gnu.linkonce.d*)

.rel.ctors
 *(.rel.ctors)

.rela.ctors
 *(.rela.ctors)

.rel.dtors
 *(.rel.dtors)

.rela.dtors
 *(.rela.dtors)

.rel.got
 *(.rel.got)

.rela.got
 *(.rela.got)

.rel.bss
 *(.rel.bss)

.rela.bss
 *(.rela.bss)

.rel.plt
 *(.rel.plt)

.rela.plt
 *(.rela.plt)

.text           0x0000000000000000     0x1e40
 *(.vectors)
 .vectors       0x0000000000000000       0x7c /usr/lib/gcc/avr/10.2.0/../../../../avr/lib/avr5/crtatmega324pa.o
                0x0000000000000000                __vectors
                0x0000000000000000                __vector_default
 *(.vectors)
 *(.progmem.gcc*)
                0x000000000000007c                . = ALIGN (0x2)
                0x000000000000007c                __trampolines_start = .
 *(.trampolines)
 .trampolines   0x000000000000007c        0x0 linker stubs
 *(.trampolines*)
                0x000000000000007c                __trampolines_end = .
 *libprintf_flt.a:*(.progmem.data)
 *libc.a:*(.progmem.data)
 *(.progmem.*)
                0x000000000000007c                . = ALIGN (0x2)
 *(.lowtext)
 *(.lowtext*)
                0x000000000000007c                __ctors_start = .
 *(.ctors)
                0x000000000000007c                __ctors_end = .
                0x000000000000007c                __dtors_start = .
 *(.dtors)
                0x000000000000007c                __dtors_end = .
 SORT_BY_NAME(*)(.ctors)
 SORT_BY_NAME(*)(.dtors)
 *(.init0)
 .init0         0x000000000000007c        0x0 /usr/lib/gcc/avr/10.2.0/../../../../avr/lib/avr5/crtatmega324pa.o
                0x000000000000007c                __init
 *(.init0)
 *(.init1)
 *(.init1)
 *(.init2)
 .init2         0x000000000000007c        0xc /usr/lib/gcc/avr/10.2.0/../../../../avr/lib/avr5/crtatmega324pa.o
 *(.init2)
 *(.init3)
 *(.init3)
 *(.init4)
 .init4         0x0000000000000088       0x16 /usr/lib/gcc/avr/10.2.0/avr5/libgcc.a(_copy_data.o)
                0x0000000000000088                __do_copy_data
 .init4         0x000000000000009e       0x10 /usr/lib/gcc/avr/10.2.0/avr5/libgcc.a(_clear_bss.o)
                0x000000000000009e                __do_clear_bss
 *(.init4)
 *(.init5)
 *(.init5)
 *(.init6)
 *(.init6)
 *(.init7)
 *(.init7)
 *(.init8)
 *(.init8)
 *(.init9)
 .init9         0x00000000000000ae        0x8 /usr/lib/gcc/avr/10.2.0/../../../../avr/lib/avr5/crtatmega324pa.o
 *(.init9)
 *(.text)
 .text          0x00000000000000b6        0x4 /usr/lib/gcc/avr/10.2.0/../../../../avr/lib/avr5/crtatmega324pa.o
                0x00000000000000b6                __vector_22
                0x00000000000000b6                __vector_28
                0x00000000000000b6                __vector_24
                0x00000000000000b6                __vector_12
                0x00000000000000b6                __bad_interrupt
                0x00000000000000b6                __vector_6
                0x00000000000000b6                __vector_23
                0x00000000000000b6                __vector_30
                0x00000000000000b6                __vector_25
                0x00000000000000b6                __vector_11
                0x00000000000000b6                __vector_13
                0x00000000000000b6                __vector_17
                0x00000000000000b6                __vector_19
                0x00000000000000b6                __vector_7
                0x00000000000000b6                __vector_27
                0x00000000000000b6                __vector_5
                0x00000000000000b6                __vector_4
                0x00000000000000b6                __vector_9
                0x00000000000000b6                __vector_2
                0x00000000000000b6                __vector_21
                0x00000000000000b6                __vector_15
                0x00000000000000b6                __vector_29
                0x00000000000000b6                __vector_8
                0x00000000000000b6                __vector_26
                0x00000000000000b6                __vector_14
                0x00000000000000b6                __vector_10
                0x00000000000000b6                __vector_16
                0x00000000000000b6                __vector_18
                0x00000000000000b6                __vector_20
 .text          0x00000000000000ba       0x48 main.o
                0x00000000000000ba                __vector_3
                0x00000000000000de                __vector_1
 .text          0x0000000000000102      0xb6a ../lib/libstatique.a(Robot.o)
                0x0000000000000102                _ZN5RobotC1Ev
                0x0000000000000102                _ZN5RobotC2Ev
                0x000000000000020e                _ZN5Robot14initializationEv
                0x0000000000000290                _ZN5Robot17setLightIntensityEv
                0x0000000000000310                _ZN5Robot14followTheLightEv
                0x0000000000000482                _ZN5Robot13followTheWallEv
                0x00000000000007d4                _ZN5Robot14executeRepriseEv
                0x00000000000008dc                _ZN5Robot10stopMovingEv
                0x00000000000008e2                _ZN5Robot23interuptButtonIsPressedERVh
                0x00000000000008ec                _ZN5Robot20whiteButtonIsPressedERVh
                0x00000000000008f6                _ZN5Robot11getDistanceEv
                0x00000000000008fc                _ZN5Robot22getLightIntensityRightEv
                0x0000000000000902                _ZN5Robot21getLightIntensityLeftEv
                0x0000000000000908                _ZN5Robot8getStateEv
                0x0000000000000914                _ZN5Robot8setStateENS_5StateE
                0x0000000000000920                _ZN5Robot11setParcoursEb
                0x000000000000092a                _ZN5Robot11sendMessageEh
                0x0000000000000930                _ZN5Robot11ledFlashingE8LedState
                0x0000000000000990                _ZN5Robot14changeLedColorE8LedState
                0x0000000000000996                _ZN5Robot10writeSpeedEv
                0x0000000000000a20                _ZN5Robot10writeSpeedEh
                0x0000000000000a9a                _ZN5Robot5uTurnEv
                0x0000000000000c5e                _ZN5Robot10setAddressEh
 .text          0x0000000000000c6c      0x248 ../lib/libstatique.a(Timer.o)
                0x0000000000000c6c                _ZN5TimerC2E9TimerList
                0x0000000000000c6c                _ZN5TimerC1E9TimerList
                0x0000000000000cfe                _ZN5TimerD1Ev
                0x0000000000000cfe                _ZN5TimerD2Ev
                0x0000000000000d00                _ZN5Timer19setpwmDutyCycle8bitEhh
                0x0000000000000d30                _ZN5Timer31setTimerCounterControlRegisterAE28TimerCounterControlRegisterA
                0x0000000000000db0                _ZN5Timer31setTimerCounterControlRegisterBE28TimerCounterControlRegisterB
                0x0000000000000ea6                _ZNK5Timer12getTimerListEv
                0x0000000000000eae                _ZNK5Timer10getMax8BitEv
 .text          0x0000000000000eb4      0x1bc ../lib/libstatique.a(Motor.o)
                0x0000000000000eb4                _ZN5MotorD1Ev
                0x0000000000000eb4                _ZN5MotorD2Ev
                0x0000000000000eb6                _ZN5Motor13pwMadjustmentEhh
                0x0000000000000ec0                _ZN5Motor11moveForwardEhh
                0x0000000000000efc                _ZN5Motor10turnLeft90Ev
                0x0000000000000f06                _ZN5Motor11turnRight90Ev
                0x0000000000000f10                _ZN5Motor12moveBackwardEh
                0x0000000000000f4c                _ZN5Motor10stopMovingEv
                0x0000000000000f56                _ZN5MotorC1EP5Timer
                0x0000000000000f56                _ZN5MotorC2EP5Timer
                0x000000000000101c                _ZN5Motor15turnInPlaceLeftEh
                0x0000000000001046                _ZN5Motor16turnInPlaceRightEh
 .text          0x0000000000001070      0x196 ../lib/libstatique.a(Led.o)
                0x0000000000001070                _ZN3LedC2E4Porthh
                0x0000000000001070                _ZN3LedC1E4Porthh
                0x00000000000010f2                _ZN3LedD1Ev
                0x00000000000010f2                _ZN3LedD2Ev
                0x00000000000010f4                _ZN3Led16changeLedColorToE8LedState
                0x00000000000011d0                _ZN3Led8flashingE8LedState
 .text          0x0000000000001206       0x58 ../lib/libstatique.a(Can.o)
                0x0000000000001206                _ZN3CanC1Ev
                0x0000000000001206                _ZN3CanC2Ev
                0x0000000000001212                _ZN3CanD1Ev
                0x0000000000001212                _ZN3CanD2Ev
                0x0000000000001218                _ZN3Can7lectureEh
 .text          0x000000000000125e      0x248 ../lib/libstatique.a(Interruption.o)
                0x000000000000125e                _ZN12InterruptionC1E3Pin
                0x000000000000125e                _ZN12InterruptionC2E3Pin
                0x00000000000012b8                _ZN12InterruptionC1EP5Timer
                0x00000000000012b8                _ZN12InterruptionC2EP5Timer
                0x00000000000012f0                _ZN12Interruption24setInterruptSenseControlE15InteruptionType
                0x00000000000013d6                _ZN12Interruption18startTimerCountingEjh
                0x0000000000001458                _ZN12Interruption15buttonIsPressedEh
 .text          0x00000000000014a6       0x2e ../lib/libstatique.a(DistanceSensor.o)
                0x00000000000014a6                _ZN14DistanceSensorC1Eh
                0x00000000000014a6                _ZN14DistanceSensorC2Eh
                0x00000000000014be                _ZN14DistanceSensorD2Ev
                0x00000000000014be                _ZN14DistanceSensorD1Ev
                0x00000000000014c2                _ZN14DistanceSensor6getAdcEv
 .text          0x00000000000014d4       0x2e ../lib/libstatique.a(PhotoSensor.o)
                0x00000000000014d4                _ZN11PhotoSensorC2Eh
                0x00000000000014d4                _ZN11PhotoSensorC1Eh
                0x00000000000014ec                _ZN11PhotoSensorD2Ev
                0x00000000000014ec                _ZN11PhotoSensorD1Ev
                0x00000000000014f0                _ZN11PhotoSensor6getAdcEv
 .text          0x0000000000001502      0x35e ../lib/libstatique.a(memoire_24.o)
                0x0000000000001502                _ZN13Memoire24CXXXD2Ev
                0x0000000000001502                _ZN13Memoire24CXXXD1Ev
                0x0000000000001504                _ZN13Memoire24CXXX4initEv
                0x0000000000001516                _ZN13Memoire24CXXXC2Ev
                0x0000000000001516                _ZN13Memoire24CXXXC1Ev
                0x0000000000001522                _ZN13Memoire24CXXX12choisir_bancEh
                0x0000000000001538                _ZN13Memoire24CXXX7lectureEjPh
                0x00000000000015fa                _ZN13Memoire24CXXX7lectureEjPhh
                0x00000000000016c4                _ZN13Memoire24CXXX8ecritureEjh
                0x0000000000001754                _ZN13Memoire24CXXX11ecrire_pageEjPhh
                0x0000000000001816                _ZN13Memoire24CXXX8ecritureEjPhh
 .text          0x0000000000001860       0x64 ../lib/libstatique.a(usart.o)
                0x0000000000001860                _ZN5RS23218initialisationUartEv
                0x0000000000001884                _ZN5RS23216transmissionUartEh
                0x0000000000001892                _ZN5RS23213receptionUartEv
                0x00000000000018a0                _ZN5RS23211sendMessageEPKc
 .text          0x00000000000018c4        0x0 /usr/lib/gcc/avr/10.2.0/avr5/libgcc.a(_divmodhi4.o)
 .text          0x00000000000018c4        0x0 /usr/lib/gcc/avr/10.2.0/avr5/libgcc.a(_exit.o)
 .text          0x00000000000018c4        0x0 /usr/lib/gcc/avr/10.2.0/avr5/libgcc.a(_tablejump2.o)
 .text          0x00000000000018c4        0x0 /usr/lib/gcc/avr/10.2.0/avr5/libgcc.a(_copy_data.o)
 .text          0x00000000000018c4        0x0 /usr/lib/gcc/avr/10.2.0/avr5/libgcc.a(_clear_bss.o)
 .text          0x00000000000018c4        0x0 /usr/lib/gcc/avr/10.2.0/avr5/libgcc.a(_udivmodhi4.o)
 .text          0x00000000000018c4        0x0 /usr/lib/gcc/avr/10.2.0/../../../../avr/lib/avr5/libm.a(cmpsf2.o)
 .text          0x00000000000018c4        0x0 /usr/lib/gcc/avr/10.2.0/../../../../avr/lib/avr5/libm.a(divsf3.o)
 .text          0x00000000000018c4        0x0 /usr/lib/gcc/avr/10.2.0/../../../../avr/lib/avr5/libm.a(divsf3x.o)
 .text          0x00000000000018c4        0x0 /usr/lib/gcc/avr/10.2.0/../../../../avr/lib/avr5/libm.a(fixunssfsi.o)
 .text          0x00000000000018c4        0x0 /usr/lib/gcc/avr/10.2.0/../../../../avr/lib/avr5/libm.a(floatsisf.o)
 .text          0x00000000000018c4        0x0 /usr/lib/gcc/avr/10.2.0/../../../../avr/lib/avr5/libm.a(fp_cmp.o)
 .text          0x00000000000018c4        0x0 /usr/lib/gcc/avr/10.2.0/../../../../avr/lib/avr5/libm.a(fp_inf.o)
 .text          0x00000000000018c4        0x0 /usr/lib/gcc/avr/10.2.0/../../../../avr/lib/avr5/libm.a(fp_nan.o)
 .text          0x00000000000018c4        0x0 /usr/lib/gcc/avr/10.2.0/../../../../avr/lib/avr5/libm.a(fp_pscA.o)
 .text          0x00000000000018c4        0x0 /usr/lib/gcc/avr/10.2.0/../../../../avr/lib/avr5/libm.a(fp_pscB.o)
 .text          0x00000000000018c4        0x0 /usr/lib/gcc/avr/10.2.0/../../../../avr/lib/avr5/libm.a(fp_round.o)
 .text          0x00000000000018c4        0x0 /usr/lib/gcc/avr/10.2.0/../../../../avr/lib/avr5/libm.a(fp_split3.o)
 .text          0x00000000000018c4        0x0 /usr/lib/gcc/avr/10.2.0/../../../../avr/lib/avr5/libm.a(fp_zero.o)
 .text          0x00000000000018c4        0x0 /usr/lib/gcc/avr/10.2.0/../../../../avr/lib/avr5/libm.a(gesf2.o)
 .text          0x00000000000018c4        0x0 /usr/lib/gcc/avr/10.2.0/../../../../avr/lib/avr5/libm.a(mulsf3.o)
 .text          0x00000000000018c4        0x0 /usr/lib/gcc/avr/10.2.0/../../../../avr/lib/avr5/libm.a(mulsf3x.o)
                0x00000000000018c4                . = ALIGN (0x2)
 *(.text.*)
 .text.startup  0x00000000000018c4      0x174 main.o
                0x00000000000018c4                main
 .text.libgcc.mul
                0x0000000000001a38        0x0 /usr/lib/gcc/avr/10.2.0/avr5/libgcc.a(_divmodhi4.o)
 .text.libgcc.div
                0x0000000000001a38       0x28 /usr/lib/gcc/avr/10.2.0/avr5/libgcc.a(_divmodhi4.o)
                0x0000000000001a38                __divmodhi4
                0x0000000000001a38                _div
 .text.libgcc   0x0000000000001a60        0x0 /usr/lib/gcc/avr/10.2.0/avr5/libgcc.a(_divmodhi4.o)
 .text.libgcc.prologue
                0x0000000000001a60        0x0 /usr/lib/gcc/avr/10.2.0/avr5/libgcc.a(_divmodhi4.o)
 .text.libgcc.builtins
                0x0000000000001a60        0x0 /usr/lib/gcc/avr/10.2.0/avr5/libgcc.a(_divmodhi4.o)
 .text.libgcc.fmul
                0x0000000000001a60        0x0 /usr/lib/gcc/avr/10.2.0/avr5/libgcc.a(_divmodhi4.o)
 .text.libgcc.fixed
                0x0000000000001a60        0x0 /usr/lib/gcc/avr/10.2.0/avr5/libgcc.a(_divmodhi4.o)
 .text.libgcc.mul
                0x0000000000001a60        0x0 /usr/lib/gcc/avr/10.2.0/avr5/libgcc.a(_exit.o)
 .text.libgcc.div
                0x0000000000001a60        0x0 /usr/lib/gcc/avr/10.2.0/avr5/libgcc.a(_exit.o)
 .text.libgcc   0x0000000000001a60        0x0 /usr/lib/gcc/avr/10.2.0/avr5/libgcc.a(_exit.o)
 .text.libgcc.prologue
                0x0000000000001a60        0x0 /usr/lib/gcc/avr/10.2.0/avr5/libgcc.a(_exit.o)
 .text.libgcc.builtins
                0x0000000000001a60        0x0 /usr/lib/gcc/avr/10.2.0/avr5/libgcc.a(_exit.o)
 .text.libgcc.fmul
                0x0000000000001a60        0x0 /usr/lib/gcc/avr/10.2.0/avr5/libgcc.a(_exit.o)
 .text.libgcc.fixed
                0x0000000000001a60        0x0 /usr/lib/gcc/avr/10.2.0/avr5/libgcc.a(_exit.o)
 .text.libgcc.mul
                0x0000000000001a60        0x0 /usr/lib/gcc/avr/10.2.0/avr5/libgcc.a(_tablejump2.o)
 .text.libgcc.div
                0x0000000000001a60        0x0 /usr/lib/gcc/avr/10.2.0/avr5/libgcc.a(_tablejump2.o)
 .text.libgcc   0x0000000000001a60        0xc /usr/lib/gcc/avr/10.2.0/avr5/libgcc.a(_tablejump2.o)
                0x0000000000001a60                __tablejump2__
 .text.libgcc.prologue
                0x0000000000001a6c        0x0 /usr/lib/gcc/avr/10.2.0/avr5/libgcc.a(_tablejump2.o)
 .text.libgcc.builtins
                0x0000000000001a6c        0x0 /usr/lib/gcc/avr/10.2.0/avr5/libgcc.a(_tablejump2.o)
 .text.libgcc.fmul
                0x0000000000001a6c        0x0 /usr/lib/gcc/avr/10.2.0/avr5/libgcc.a(_tablejump2.o)
 .text.libgcc.fixed
                0x0000000000001a6c        0x0 /usr/lib/gcc/avr/10.2.0/avr5/libgcc.a(_tablejump2.o)
 .text.libgcc.mul
                0x0000000000001a6c        0x0 /usr/lib/gcc/avr/10.2.0/avr5/libgcc.a(_copy_data.o)
 .text.libgcc.div
                0x0000000000001a6c        0x0 /usr/lib/gcc/avr/10.2.0/avr5/libgcc.a(_copy_data.o)
 .text.libgcc   0x0000000000001a6c        0x0 /usr/lib/gcc/avr/10.2.0/avr5/libgcc.a(_copy_data.o)
 .text.libgcc.prologue
                0x0000000000001a6c        0x0 /usr/lib/gcc/avr/10.2.0/avr5/libgcc.a(_copy_data.o)
 .text.libgcc.builtins
                0x0000000000001a6c        0x0 /usr/lib/gcc/avr/10.2.0/avr5/libgcc.a(_copy_data.o)
 .text.libgcc.fmul
                0x0000000000001a6c        0x0 /usr/lib/gcc/avr/10.2.0/avr5/libgcc.a(_copy_data.o)
 .text.libgcc.fixed
                0x0000000000001a6c        0x0 /usr/lib/gcc/avr/10.2.0/avr5/libgcc.a(_copy_data.o)
 .text.libgcc.mul
                0x0000000000001a6c        0x0 /usr/lib/gcc/avr/10.2.0/avr5/libgcc.a(_clear_bss.o)
 .text.libgcc.div
                0x0000000000001a6c        0x0 /usr/lib/gcc/avr/10.2.0/avr5/libgcc.a(_clear_bss.o)
 .text.libgcc   0x0000000000001a6c        0x0 /usr/lib/gcc/avr/10.2.0/avr5/libgcc.a(_clear_bss.o)
 .text.libgcc.prologue
                0x0000000000001a6c        0x0 /usr/lib/gcc/avr/10.2.0/avr5/libgcc.a(_clear_bss.o)
 .text.libgcc.builtins
                0x0000000000001a6c        0x0 /usr/lib/gcc/avr/10.2.0/avr5/libgcc.a(_clear_bss.o)
 .text.libgcc.fmul
                0x0000000000001a6c        0x0 /usr/lib/gcc/avr/10.2.0/avr5/libgcc.a(_clear_bss.o)
 .text.libgcc.fixed
                0x0000000000001a6c        0x0 /usr/lib/gcc/avr/10.2.0/avr5/libgcc.a(_clear_bss.o)
 .text.libgcc.mul
                0x0000000000001a6c        0x0 /usr/lib/gcc/avr/10.2.0/avr5/libgcc.a(_udivmodhi4.o)
 .text.libgcc.div
                0x0000000000001a6c       0x28 /usr/lib/gcc/avr/10.2.0/avr5/libgcc.a(_udivmodhi4.o)
                0x0000000000001a6c                __udivmodhi4
 .text.libgcc   0x0000000000001a94        0x0 /usr/lib/gcc/avr/10.2.0/avr5/libgcc.a(_udivmodhi4.o)
 .text.libgcc.prologue
                0x0000000000001a94        0x0 /usr/lib/gcc/avr/10.2.0/avr5/libgcc.a(_udivmodhi4.o)
 .text.libgcc.builtins
                0x0000000000001a94        0x0 /usr/lib/gcc/avr/10.2.0/avr5/libgcc.a(_udivmodhi4.o)
 .text.libgcc.fmul
                0x0000000000001a94        0x0 /usr/lib/gcc/avr/10.2.0/avr5/libgcc.a(_udivmodhi4.o)
 .text.libgcc.fixed
                0x0000000000001a94        0x0 /usr/lib/gcc/avr/10.2.0/avr5/libgcc.a(_udivmodhi4.o)
 .text.avr-libc.fplib
                0x0000000000001a94        0xa /usr/lib/gcc/avr/10.2.0/../../../../avr/lib/avr5/libm.a(cmpsf2.o)
                0x0000000000001a94                __lesf2
                0x0000000000001a94                __nesf2
                0x0000000000001a94                __eqsf2
                0x0000000000001a94                __cmpsf2
                0x0000000000001a94                __ltsf2
 .text.avr-libc.fplib
                0x0000000000001a9e        0x8 /usr/lib/gcc/avr/10.2.0/../../../../avr/lib/avr5/libm.a(divsf3.o)
                0x0000000000001a9e                __divsf3
 .text.avr-libc.fplib
                0x0000000000001aa6       0xdc /usr/lib/gcc/avr/10.2.0/../../../../avr/lib/avr5/libm.a(divsf3x.o)
                0x0000000000001ac6                __divsf3x
                0x0000000000001acc                __divsf3_pse
 .text.avr-libc.fplib
                0x0000000000001b82       0x5e /usr/lib/gcc/avr/10.2.0/../../../../avr/lib/avr5/libm.a(fixunssfsi.o)
                0x0000000000001b82                __fixunssfsi
 .text.avr-libc.fplib
                0x0000000000001be0       0x7a /usr/lib/gcc/avr/10.2.0/../../../../avr/lib/avr5/libm.a(floatsisf.o)
                0x0000000000001be0                __floatunsisf
                0x0000000000001be4                __floatsisf
 .text.avr-libc.fplib
                0x0000000000001c5a       0x48 /usr/lib/gcc/avr/10.2.0/../../../../avr/lib/avr5/libm.a(fp_cmp.o)
                0x0000000000001c5a                __fp_cmp
 .text.avr-libc.fplib
                0x0000000000001ca2        0xc /usr/lib/gcc/avr/10.2.0/../../../../avr/lib/avr5/libm.a(fp_inf.o)
                0x0000000000001ca2                __fp_inf
 .text.avr-libc.fplib
                0x0000000000001cae        0x6 /usr/lib/gcc/avr/10.2.0/../../../../avr/lib/avr5/libm.a(fp_nan.o)
                0x0000000000001cae                __fp_nan
 .text.avr-libc.fplib
                0x0000000000001cb4        0xe /usr/lib/gcc/avr/10.2.0/../../../../avr/lib/avr5/libm.a(fp_pscA.o)
                0x0000000000001cb4                __fp_pscA
 .text.avr-libc.fplib
                0x0000000000001cc2        0xe /usr/lib/gcc/avr/10.2.0/../../../../avr/lib/avr5/libm.a(fp_pscB.o)
                0x0000000000001cc2                __fp_pscB
 .text.avr-libc.fplib
                0x0000000000001cd0       0x22 /usr/lib/gcc/avr/10.2.0/../../../../avr/lib/avr5/libm.a(fp_round.o)
                0x0000000000001cd0                __fp_round
 .text.avr-libc.fplib
                0x0000000000001cf2       0x44 /usr/lib/gcc/avr/10.2.0/../../../../avr/lib/avr5/libm.a(fp_split3.o)
                0x0000000000001cf2                __fp_split3
                0x0000000000001d02                __fp_splitA
 .text.avr-libc.fplib
                0x0000000000001d36        0xe /usr/lib/gcc/avr/10.2.0/../../../../avr/lib/avr5/libm.a(fp_zero.o)
                0x0000000000001d36                __fp_zero
                0x0000000000001d38                __fp_szero
 .text.avr-libc.fplib
                0x0000000000001d44        0xa /usr/lib/gcc/avr/10.2.0/../../../../avr/lib/avr5/libm.a(gesf2.o)
                0x0000000000001d44                __gtsf2
                0x0000000000001d44                __gesf2
 .text.avr-libc.fplib
                0x0000000000001d4e        0x8 /usr/lib/gcc/avr/10.2.0/../../../../avr/lib/avr5/libm.a(mulsf3.o)
                0x0000000000001d4e                __mulsf3
 .text.avr-libc.fplib
                0x0000000000001d56       0xd2 /usr/lib/gcc/avr/10.2.0/../../../../avr/lib/avr5/libm.a(mulsf3x.o)
                0x0000000000001d74                __mulsf3x
                0x0000000000001d7a                __mulsf3_pse
                0x0000000000001e28                . = ALIGN (0x2)
 *(.fini9)
 .fini9         0x0000000000001e28        0x0 /usr/lib/gcc/avr/10.2.0/avr5/libgcc.a(_exit.o)
                0x0000000000001e28                exit
                0x0000000000001e28                _exit
 *(.fini9)
 *(.fini8)
 *(.fini8)
 *(.fini7)
 *(.fini7)
 *(.fini6)
 *(.fini6)
 *(.fini5)
 *(.fini5)
 *(.fini4)
 *(.fini4)
 *(.fini3)
 *(.fini3)
 *(.fini2)
 *(.fini2)
 *(.fini1)
 *(.fini1)
 *(.fini0)
 .fini0         0x0000000000001e28        0x4 /usr/lib/gcc/avr/10.2.0/avr5/libgcc.a(_exit.o)
 *(.fini0)
 *(.hightext)
 *(.hightext*)
 *(.progmemx.*)
                0x0000000000001e2c                . = ALIGN (0x2)
 *(.jumptables)
 *(.jumptables*)
 .jumptables.gcc.main
                0x0000000000001e2c       0x14 main.o
                0x0000000000001e40                _etext = .

.data           0x0000000000800100        0x2 load address 0x0000000000001e40
                0x0000000000800100                PROVIDE (__data_start = .)
 *(.data)
 .data          0x0000000000800100        0x0 /usr/lib/gcc/avr/10.2.0/../../../../avr/lib/avr5/crtatmega324pa.o
 .data          0x0000000000800100        0x0 main.o
 .data          0x0000000000800100        0x0 ../lib/libstatique.a(Robot.o)
 .data          0x0000000000800100        0x0 ../lib/libstatique.a(Timer.o)
 .data          0x0000000000800100        0x0 ../lib/libstatique.a(Motor.o)
 .data          0x0000000000800100        0x0 ../lib/libstatique.a(Led.o)
 .data          0x0000000000800100        0x0 ../lib/libstatique.a(Can.o)
 .data          0x0000000000800100        0x0 ../lib/libstatique.a(Interruption.o)
 .data          0x0000000000800100        0x0 ../lib/libstatique.a(DistanceSensor.o)
 .data          0x0000000000800100        0x0 ../lib/libstatique.a(PhotoSensor.o)
 .data          0x0000000000800100        0x1 ../lib/libstatique.a(memoire_24.o)
                0x0000000000800100                _ZN13Memoire24CXXX22m_adresse_peripheriqueE
 .data          0x0000000000800101        0x0 ../lib/libstatique.a(usart.o)
 .data          0x0000000000800101        0x0 /usr/lib/gcc/avr/10.2.0/avr5/libgcc.a(_divmodhi4.o)
 .data          0x0000000000800101        0x0 /usr/lib/gcc/avr/10.2.0/avr5/libgcc.a(_exit.o)
 .data          0x0000000000800101        0x0 /usr/lib/gcc/avr/10.2.0/avr5/libgcc.a(_tablejump2.o)
 .data          0x0000000000800101        0x0 /usr/lib/gcc/avr/10.2.0/avr5/libgcc.a(_copy_data.o)
 .data          0x0000000000800101        0x0 /usr/lib/gcc/avr/10.2.0/avr5/libgcc.a(_clear_bss.o)
 .data          0x0000000000800101        0x0 /usr/lib/gcc/avr/10.2.0/avr5/libgcc.a(_udivmodhi4.o)
 .data          0x0000000000800101        0x0 /usr/lib/gcc/avr/10.2.0/../../../../avr/lib/avr5/libm.a(cmpsf2.o)
 .data          0x0000000000800101        0x0 /usr/lib/gcc/avr/10.2.0/../../../../avr/lib/avr5/libm.a(divsf3.o)
 .data          0x0000000000800101        0x0 /usr/lib/gcc/avr/10.2.0/../../../../avr/lib/avr5/libm.a(divsf3x.o)
 .data          0x0000000000800101        0x0 /usr/lib/gcc/avr/10.2.0/../../../../avr/lib/avr5/libm.a(fixunssfsi.o)
 .data          0x0000000000800101        0x0 /usr/lib/gcc/avr/10.2.0/../../../../avr/lib/avr5/libm.a(floatsisf.o)
 .data          0x0000000000800101        0x0 /usr/lib/gcc/avr/10.2.0/../../../../avr/lib/avr5/libm.a(fp_cmp.o)
 .data          0x0000000000800101        0x0 /usr/lib/gcc/avr/10.2.0/../../../../avr/lib/avr5/libm.a(fp_inf.o)
 .data          0x0000000000800101        0x0 /usr/lib/gcc/avr/10.2.0/../../../../avr/lib/avr5/libm.a(fp_nan.o)
 .data          0x0000000000800101        0x0 /usr/lib/gcc/avr/10.2.0/../../../../avr/lib/avr5/libm.a(fp_pscA.o)
 .data          0x0000000000800101        0x0 /usr/lib/gcc/avr/10.2.0/../../../../avr/lib/avr5/libm.a(fp_pscB.o)
 .data          0x0000000000800101        0x0 /usr/lib/gcc/avr/10.2.0/../../../../avr/lib/avr5/libm.a(fp_round.o)
 .data          0x0000000000800101        0x0 /usr/lib/gcc/avr/10.2.0/../../../../avr/lib/avr5/libm.a(fp_split3.o)
 .data          0x0000000000800101        0x0 /usr/lib/gcc/avr/10.2.0/../../../../avr/lib/avr5/libm.a(fp_zero.o)
 .data          0x0000000000800101        0x0 /usr/lib/gcc/avr/10.2.0/../../../../avr/lib/avr5/libm.a(gesf2.o)
 .data          0x0000000000800101        0x0 /usr/lib/gcc/avr/10.2.0/../../../../avr/lib/avr5/libm.a(mulsf3.o)
 .data          0x0000000000800101        0x0 /usr/lib/gcc/avr/10.2.0/../../../../avr/lib/avr5/libm.a(mulsf3x.o)
 *(.data*)
 *(.gnu.linkonce.d*)
 *(.rodata)
 *(.rodata*)
 *(.gnu.linkonce.r*)
                0x0000000000800102                . = ALIGN (0x2)
 *fill*         0x0000000000800101        0x1 
                0x0000000000800102                _edata = .
                0x0000000000800102                PROVIDE (__data_end = .)

.bss            0x0000000000800102        0x2
                0x0000000000800102                PROVIDE (__bss_start = .)
 *(.bss)
 .bss           0x0000000000800102        0x0 /usr/lib/gcc/avr/10.2.0/../../../../avr/lib/avr5/crtatmega324pa.o
 .bss           0x0000000000800102        0x2 main.o
                0x0000000000800102                gPressedB2
                0x0000000000800103                gPressedD2
 .bss           0x0000000000800104        0x0 ../lib/libstatique.a(Robot.o)
 .bss           0x0000000000800104        0x0 ../lib/libstatique.a(Timer.o)
 .bss           0x0000000000800104        0x0 ../lib/libstatique.a(Motor.o)
 .bss           0x0000000000800104        0x0 ../lib/libstatique.a(Led.o)
 .bss           0x0000000000800104        0x0 ../lib/libstatique.a(Can.o)
 .bss           0x0000000000800104        0x0 ../lib/libstatique.a(Interruption.o)
 .bss           0x0000000000800104        0x0 ../lib/libstatique.a(DistanceSensor.o)
 .bss           0x0000000000800104        0x0 ../lib/libstatique.a(PhotoSensor.o)
 .bss           0x0000000000800104        0x0 ../lib/libstatique.a(memoire_24.o)
 .bss           0x0000000000800104        0x0 ../lib/libstatique.a(usart.o)
 .bss           0x0000000000800104        0x0 /usr/lib/gcc/avr/10.2.0/avr5/libgcc.a(_divmodhi4.o)
 .bss           0x0000000000800104        0x0 /usr/lib/gcc/avr/10.2.0/avr5/libgcc.a(_exit.o)
 .bss           0x0000000000800104        0x0 /usr/lib/gcc/avr/10.2.0/avr5/libgcc.a(_tablejump2.o)
 .bss           0x0000000000800104        0x0 /usr/lib/gcc/avr/10.2.0/avr5/libgcc.a(_copy_data.o)
 .bss           0x0000000000800104        0x0 /usr/lib/gcc/avr/10.2.0/avr5/libgcc.a(_clear_bss.o)
 .bss           0x0000000000800104        0x0 /usr/lib/gcc/avr/10.2.0/avr5/libgcc.a(_udivmodhi4.o)
 .bss           0x0000000000800104        0x0 /usr/lib/gcc/avr/10.2.0/../../../../avr/lib/avr5/libm.a(cmpsf2.o)
 .bss           0x0000000000800104        0x0 /usr/lib/gcc/avr/10.2.0/../../../../avr/lib/avr5/libm.a(divsf3.o)
 .bss           0x0000000000800104        0x0 /usr/lib/gcc/avr/10.2.0/../../../../avr/lib/avr5/libm.a(divsf3x.o)
 .bss           0x0000000000800104        0x0 /usr/lib/gcc/avr/10.2.0/../../../../avr/lib/avr5/libm.a(fixunssfsi.o)
 .bss           0x0000000000800104        0x0 /usr/lib/gcc/avr/10.2.0/../../../../avr/lib/avr5/libm.a(floatsisf.o)
 .bss           0x0000000000800104        0x0 /usr/lib/gcc/avr/10.2.0/../../../../avr/lib/avr5/libm.a(fp_cmp.o)
 .bss           0x0000000000800104        0x0 /usr/lib/gcc/avr/10.2.0/../../../../avr/lib/avr5/libm.a(fp_inf.o)
 .bss           0x0000000000800104        0x0 /usr/lib/gcc/avr/10.2.0/../../../../avr/lib/avr5/libm.a(fp_nan.o)
 .bss           0x0000000000800104        0x0 /usr/lib/gcc/avr/10.2.0/../../../../avr/lib/avr5/libm.a(fp_pscA.o)
 .bss           0x0000000000800104        0x0 /usr/lib/gcc/avr/10.2.0/../../../../avr/lib/avr5/libm.a(fp_pscB.o)
 .bss           0x0000000000800104        0x0 /usr/lib/gcc/avr/10.2.0/../../../../avr/lib/avr5/libm.a(fp_round.o)
 .bss           0x0000000000800104        0x0 /usr/lib/gcc/avr/10.2.0/../../../../avr/lib/avr5/libm.a(fp_split3.o)
 .bss           0x0000000000800104        0x0 /usr/lib/gcc/avr/10.2.0/../../../../avr/lib/avr5/libm.a(fp_zero.o)
 .bss           0x0000000000800104        0x0 /usr/lib/gcc/avr/10.2.0/../../../../avr/lib/avr5/libm.a(gesf2.o)
 .bss           0x0000000000800104        0x0 /usr/lib/gcc/avr/10.2.0/../../../../avr/lib/avr5/libm.a(mulsf3.o)
 .bss           0x0000000000800104        0x0 /usr/lib/gcc/avr/10.2.0/../../../../avr/lib/avr5/libm.a(mulsf3x.o)
 *(.bss*)
 *(COMMON)
                0x0000000000800104                PROVIDE (__bss_end = .)
                0x0000000000001e40                __data_load_start = LOADADDR (.data)
                0x0000000000001e42                __data_load_end = (__data_load_start + SIZEOF (.data))

.noinit         0x0000000000800104        0x0
                [!provide]                        PROVIDE (__noinit_start = .)
 *(.noinit*)
                [!provide]                        PROVIDE (__noinit_end = .)
                0x0000000000800104                _end = .
                [!provide]                        PROVIDE (__heap_start = .)

.eeprom         0x0000000000810000        0x0
 *(.eeprom*)
                0x0000000000810000                __eeprom_end = .

.fuse
 *(.fuse)
 *(.lfuse)
 *(.hfuse)
 *(.efuse)

.lock
 *(.lock*)

.signature
 *(.signature*)

.stab           0x0000000000000000     0x47d0
 *(.stab)
 .stab          0x0000000000000000      0x540 main.o
 .stab          0x0000000000000540     0x11d0 ../lib/libstatique.a(Robot.o)
                                       0x11dc (size before relaxing)
 .stab          0x0000000000001710      0x660 ../lib/libstatique.a(Timer.o)
                                        0x66c (size before relaxing)
 .stab          0x0000000000001d70      0x66c ../lib/libstatique.a(Motor.o)
                                        0x678 (size before relaxing)
 .stab          0x00000000000023dc      0x4f8 ../lib/libstatique.a(Led.o)
                                        0x504 (size before relaxing)
 .stab          0x00000000000028d4      0x1e0 ../lib/libstatique.a(Can.o)
                                        0x1ec (size before relaxing)
 .stab          0x0000000000002ab4      0x6d8 ../lib/libstatique.a(Interruption.o)
                                        0x6e4 (size before relaxing)
 .stab          0x000000000000318c      0x168 ../lib/libstatique.a(DistanceSensor.o)
                                        0x174 (size before relaxing)
 .stab          0x00000000000032f4      0x168 ../lib/libstatique.a(PhotoSensor.o)
                                        0x174 (size before relaxing)
 .stab          0x000000000000345c      0xc30 ../lib/libstatique.a(memoire_24.o)
                                        0xc3c (size before relaxing)
 .stab          0x000000000000408c      0x21c ../lib/libstatique.a(usart.o)
                                        0x228 (size before relaxing)
 .stab          0x00000000000042a8      0x138 /usr/lib/gcc/avr/10.2.0/avr5/libgcc.a(_divmodhi4.o)
                                        0x144 (size before relaxing)
 .stab          0x00000000000043e0       0x6c /usr/lib/gcc/avr/10.2.0/avr5/libgcc.a(_exit.o)
                                         0x78 (size before relaxing)
 .stab          0x000000000000444c       0x9c /usr/lib/gcc/avr/10.2.0/avr5/libgcc.a(_tablejump2.o)
                                         0xa8 (size before relaxing)
 .stab          0x00000000000044e8       0xd8 /usr/lib/gcc/avr/10.2.0/avr5/libgcc.a(_copy_data.o)
                                         0xe4 (size before relaxing)
 .stab          0x00000000000045c0       0xb4 /usr/lib/gcc/avr/10.2.0/avr5/libgcc.a(_clear_bss.o)
                                         0xc0 (size before relaxing)
 .stab          0x0000000000004674      0x15c /usr/lib/gcc/avr/10.2.0/avr5/libgcc.a(_udivmodhi4.o)
                                        0x168 (size before relaxing)

.stabstr        0x0000000000000000     0x9e33
 *(.stabstr)
 .stabstr       0x0000000000000000     0x9e33 main.o

.stab.excl
 *(.stab.excl)

.stab.exclstr
 *(.stab.exclstr)

.stab.index
 *(.stab.index)

.stab.indexstr
 *(.stab.indexstr)

.comment        0x0000000000000000       0x23
 *(.comment)
 .comment       0x0000000000000000       0x23 main.o
                                         0x24 (size before relaxing)
 .comment       0x0000000000000023       0x24 ../lib/libstatique.a(Robot.o)
 .comment       0x0000000000000023       0x24 ../lib/libstatique.a(Timer.o)
 .comment       0x0000000000000023       0x24 ../lib/libstatique.a(Motor.o)
 .comment       0x0000000000000023       0x24 ../lib/libstatique.a(Led.o)
 .comment       0x0000000000000023       0x24 ../lib/libstatique.a(Can.o)
 .comment       0x0000000000000023       0x24 ../lib/libstatique.a(Interruption.o)
 .comment       0x0000000000000023       0x24 ../lib/libstatique.a(DistanceSensor.o)
 .comment       0x0000000000000023       0x24 ../lib/libstatique.a(PhotoSensor.o)
 .comment       0x0000000000000023       0x24 ../lib/libstatique.a(memoire_24.o)
 .comment       0x0000000000000023       0x24 ../lib/libstatique.a(usart.o)

.note.gnu.avr.deviceinfo
                0x0000000000000000       0x40
 .note.gnu.avr.deviceinfo
                0x0000000000000000       0x40 /usr/lib/gcc/avr/10.2.0/../../../../avr/lib/avr5/crtatmega324pa.o

.note.gnu.build-id
 *(.note.gnu.build-id)

.debug
 *(.debug)

.line
 *(.line)

.debug_srcinfo
 *(.debug_srcinfo)

.debug_sfnames
 *(.debug_sfnames)

.debug_aranges
 *(.debug_aranges)

.debug_pubnames
 *(.debug_pubnames)

.debug_info     0x0000000000000000      0x6cc
 *(.debug_info .gnu.linkonce.wi.*)
 .debug_info    0x0000000000000000      0x6cc /usr/lib/gcc/avr/10.2.0/../../../../avr/lib/avr5/crtatmega324pa.o

.debug_abbrev   0x0000000000000000      0x66e
 *(.debug_abbrev)
 .debug_abbrev  0x0000000000000000      0x66e /usr/lib/gcc/avr/10.2.0/../../../../avr/lib/avr5/crtatmega324pa.o

.debug_line     0x0000000000000000       0x1d
 *(.debug_line .debug_line.* .debug_line_end)
 .debug_line    0x0000000000000000       0x1d /usr/lib/gcc/avr/10.2.0/../../../../avr/lib/avr5/crtatmega324pa.o

.debug_frame
 *(.debug_frame)

.debug_str      0x0000000000000000      0x255
 *(.debug_str)
 .debug_str     0x0000000000000000      0x255 /usr/lib/gcc/avr/10.2.0/../../../../avr/lib/avr5/crtatmega324pa.o

.debug_loc
 *(.debug_loc)

.debug_macinfo
 *(.debug_macinfo)

.debug_weaknames
 *(.debug_weaknames)

.debug_funcnames
 *(.debug_funcnames)

.debug_typenames
 *(.debug_typenames)

.debug_varnames
 *(.debug_varnames)

.debug_pubtypes
 *(.debug_pubtypes)

.debug_ranges
 *(.debug_ranges)

.debug_macro
 *(.debug_macro)

.debug_addr
 *(.debug_addr)
OUTPUT(app.elf elf32-avr)
LOAD linker stubs
